// Jest Snapshot v1, https://goo.gl/fbAQLP

exports[`renders blogs list 1`] = `
Array [
  <ul
    className="postList"
  >
    <li
      className="postHolder"
    >
      <div
        className="postHeader"
      >
        <div
          className="postTitleHolder"
        >
          <h2
            className="postTitle"
          >
            <div
              to="/blog/post/foo"
            >
              Foo
            </div>
          </h2>
        </div>
        <div
          className="postInfo"
        >
          <div
            className="item"
          >
            <span
              className="label"
            >
              <mock-FormattedMessage
                defaultMessage="Posted: "
                id="blogsContent.posted"
              />
            </span>
            <span
              className="value"
            >
              Jul 5, 2020
            </span>
          </div>
          <div
            className="item"
          >
            <span
              className="label"
            >
              <mock-FormattedMessage
                defaultMessage="Categories: "
                id="blogsContent.categories"
              />
            </span>
            <span
              className="value"
            >
              <div
                to="/blog/category/general"
              >
                General
              </div>
            </span>
          </div>
          <div
            className="item"
          >
            <span
              className="label"
            >
              <mock-FormattedMessage
                defaultMessage="Tags: "
                id="blogsContent.tags"
              />
            </span>
            <span
              className="value"
            >
              <div
                to="/blog/tag/tag1"
              >
                tag1
              </div>
            </span>
          </div>
          <div
            className="item"
          >
            <span
              className="label"
            >
              <mock-FormattedMessage
                defaultMessage="Author: "
                id="blogsContent.author"
              />
            </span>
            <span
              className="value"
            >
              web dev
            </span>
          </div>
        </div>
      </div>
      <div
        className="postContent"
      >
        <div
          className="clearfix"
        >
          <div
            className="clearfix"
          >
            <RichContent
              html="Foo Short Description"
            />
          </div>
          <div
            className="postReadMore"
            to="/blog/post/foo"
          >
            <mock-FormattedMessage
              defaultMessage="Read more"
              id="blogsContent.readMore"
            />
             »
          </div>
        </div>
      </div>
    </li>
    <li
      className="postHolder"
    >
      <div
        className="postHeader"
      >
        <div
          className="postTitleHolder"
        >
          <h2
            className="postTitle"
          >
            <div
              to="/blog/post/bar"
            >
              Bar
            </div>
          </h2>
        </div>
        <div
          className="postInfo"
        >
          <div
            className="item"
          >
            <span
              className="label"
            >
              <mock-FormattedMessage
                defaultMessage="Posted: "
                id="blogsContent.posted"
              />
            </span>
            <span
              className="value"
            >
              Jul 10, 2020
            </span>
          </div>
          <div
            className="item"
          >
            <span
              className="label"
            >
              <mock-FormattedMessage
                defaultMessage="Categories: "
                id="blogsContent.categories"
              />
            </span>
            <span
              className="value"
            >
              <div
                to="/blog/category/general"
              >
                General
              </div>
              , 
            </span>
          </div>
          <div
            className="item"
          >
            <span
              className="label"
            >
              <mock-FormattedMessage
                defaultMessage="Tags: "
                id="blogsContent.tags"
              />
            </span>
            <span
              className="value"
            >
              <div
                to="/blog/tag/tag1"
              >
                tag1
              </div>
              , 
              <div
                to="/blog/tag/tag2"
              >
                tag2
              </div>
            </span>
          </div>
          <div
            className="item"
          >
            <span
              className="label"
            >
              <mock-FormattedMessage
                defaultMessage="Author: "
                id="blogsContent.author"
              />
            </span>
            <span
              className="value"
            >
              web dev
            </span>
          </div>
        </div>
      </div>
      <div
        className="postContent"
      >
        <div
          className="clearfix"
        >
          <div
            className="clearfix"
          >
            <RichContent
              html="Foo Short Description"
            />
          </div>
          <div
            className="postReadMore"
            to="/blog/post/bar"
          >
            <mock-FormattedMessage
              defaultMessage="Read more"
              id="blogsContent.readMore"
            />
             »
          </div>
        </div>
      </div>
    </li>
  </ul>,
  <div
    className="pagination"
  >
    <Pagination />
  </div>,
]
`;
